<?xml version="1.0" encoding="utf-8" ?><dwsync><file name="preview.png" server="ftp.beheros.com//public_html/" local="3547078414" remote="3520303200" Dst="-1" /><file name="golden.inc" server="ftp.beheros.com//public_html/" local="3547078414" remote="3520303200" Dst="-1" /><file name="golden.tpl.php" server="ftp.beheros.com//public_html/" local="3547078414" remote="3520303200" Dst="-1" /></dwsync>