<?xml version="1.0" encoding="utf-8" ?><dwsync><file name="golden.layout.scss" server="ftp.beheros.com//public_html/" local="3547078418" remote="3520303200" Dst="-1" /></dwsync>